OPERATION   RESULT TYPE         FIRST DONE   LAST DONE
=========== ================    ==========   =========
WRITE       Elapsed time     :    7m7.589s    7m7.589s
            Objects/s        :          38          38
            Throughput MiB/s :           2           2
            Total MiB        :        1024        1024
            Objects total    :       16384       16384
            Objects latency  : [ min=18.4ms avg=26.1ms max=90.2ms ]
            Objects lat % us : [ 1%<=23170 50%<=27554 75%<=27554 99%<=46341 ]
            IO latency       : [ min=18.4ms avg=26.1ms max=90.2ms ]
            IO lat % us      : [ 1%<=23170 50%<=27554 75%<=27554 99%<=46341 ]
---
READ        Elapsed time     :   6m42.422s   6m42.422s
            Objects/s        :          40          40
            Throughput MiB/s :           2           2
            Total MiB        :        1024        1024
            Objects total    :       16384       16384
            Objects latency  : [ min=18.9ms avg=24.6ms max=118ms ]
            Objects lat % us : [ 1%<=23170 50%<=27554 75%<=27554 99%<=38968 ]
            IO latency       : [ min=18.8ms avg=24.6ms max=118ms ]
            IO lat % us      : [ 1%<=23170 50%<=27554 75%<=27554 99%<=38968 ]
---
