OPERATION   RESULT TYPE         FIRST DONE   LAST DONE
=========== ================    ==========   =========
WRITE       Elapsed time     :   6m52.357s   6m52.357s
            Objects/s        :          39          39
            Throughput MiB/s :           2           2
            Total MiB        :        1024        1024
            Objects total    :       16384       16384
            Objects latency  : [ min=17.7ms avg=25.2ms max=85.7ms ]
            Objects lat % us : [ 1%<=23170 50%<=27554 75%<=27554 99%<=46341 ]
            IO latency       : [ min=17.7ms avg=25.2ms max=85.7ms ]
            IO lat % us      : [ 1%<=23170 50%<=27554 75%<=27554 99%<=46341 ]
---
READ        Elapsed time     :   6m38.522s   6m38.522s
            Objects/s        :          41          41
            Throughput MiB/s :           2           2
            Total MiB        :        1024        1024
            Objects total    :       16384       16384
            Objects latency  : [ min=18.8ms avg=24.3ms max=81.9ms ]
            Objects lat % us : [ 1%<=23170 50%<=27554 75%<=27554 99%<=38968 ]
            IO latency       : [ min=18.8ms avg=24.3ms max=81.9ms ]
            IO lat % us      : [ 1%<=23170 50%<=27554 75%<=27554 99%<=38968 ]
---
