OPERATION   RESULT TYPE         FIRST DONE   LAST DONE
=========== ================    ==========   =========
WRITE       Elapsed time     :   8m11.887s   8m18.419s
            Objects/s        :         165         164
            Throughput MiB/s :          10          10
            Total MiB        :        5082        5120
            Objects total    :       81312       81920
            Objects latency  : [ min=17.2ms avg=24.2ms max=96.8ms ]
            Objects lat % us : [ 1%<=23170 50%<=27554 75%<=27554 99%<=38968 ]
            IO latency       : [ min=17.2ms avg=24.2ms max=96.8ms ]
            IO lat % us      : [ 1%<=23170 50%<=27554 75%<=27554 99%<=38968 ]
---
READ        Elapsed time     :  11m44.123s  11m53.535s
            Objects/s        :         115         114
            Throughput MiB/s :           7           7
            Total MiB        :        5096        5120
            Objects total    :       81541       81920
            Objects latency  : [ min=18.6ms avg=34.6ms max=189ms ]
            Objects lat % us : [ 1%<=23170 50%<=38968 75%<=46341 99%<=65536 ]
            IO latency       : [ min=18.6ms avg=34.6ms max=189ms ]
            IO lat % us      : [ 1%<=23170 50%<=38968 75%<=46341 99%<=65536 ]
---
