OPERATION   RESULT TYPE         FIRST DONE   LAST DONE
=========== ================    ==========   =========
WRITE       Elapsed time     :   8m16.374s   8m29.934s
            Objects/s        :         650         642
            Throughput MiB/s :          40          40
            Total MiB        :       20186       20480
            Objects total    :      322969      327680
            Objects latency  : [ min=16.8ms avg=24.6ms max=233ms ]
            Objects lat % us : [ 1%<=23170 50%<=27554 75%<=27554 99%<=46341 ]
            IO latency       : [ min=16.8ms avg=24.6ms max=233ms ]
            IO lat % us      : [ 1%<=23170 50%<=27554 75%<=27554 99%<=46341 ]
---
READ        Elapsed time     :  10m32.389s  10m50.516s
            Objects/s        :         512         503
            Throughput MiB/s :          32          31
            Total MiB        :       20241       20480
            Objects total    :      323869      327680
            Objects latency  : [ min=18.6ms avg=31.2ms max=228ms ]
            Objects lat % us : [ 1%<=23170 50%<=32768 75%<=38968 99%<=77936 ]
            IO latency       : [ min=18.6ms avg=31.2ms max=228ms ]
            IO lat % us      : [ 1%<=23170 50%<=32768 75%<=38968 99%<=77936 ]
---
