OPERATION   RESULT TYPE         FIRST DONE   LAST DONE
=========== ================    ==========   =========
WRITE       Elapsed time     :   8m15.492s   8m30.396s
            Objects/s        :         650         642
            Throughput MiB/s :          40          40
            Total MiB        :       20135       20480
            Objects total    :      322149      327680
            Objects latency  : [ min=16.4ms avg=24.6ms max=218ms ]
            Objects lat % us : [ 1%<=23170 50%<=27554 75%<=27554 99%<=46341 ]
            IO latency       : [ min=16.4ms avg=24.6ms max=218ms ]
            IO lat % us      : [ 1%<=23170 50%<=27554 75%<=27554 99%<=46341 ]
---
READ        Elapsed time     :  10m13.034s  10m24.667s
            Objects/s        :         528         524
            Throughput MiB/s :          33          32
            Total MiB        :       20261       20480
            Objects total    :      324183      327680
            Objects latency  : [ min=18.3ms avg=30.3ms max=249ms ]
            Objects lat % us : [ 1%<=23170 50%<=27554 75%<=32768 99%<=65536 ]
            IO latency       : [ min=18.3ms avg=30.2ms max=249ms ]
            IO lat % us      : [ 1%<=23170 50%<=27554 75%<=32768 99%<=65536 ]
---
