OPERATION   RESULT TYPE         FIRST DONE   LAST DONE
=========== ================    ==========   =========
MKDIRS      Elapsed time     :         0ms         4ms
            Dirs/s           :       11376       32199
            Dirs total       :          10         160
            Dirs latency     : [ min=21us avg=40us max=91us ]
            Dirs lat % us    : [ 1%<=23 50%<=45 75%<=54 99%<=91 ]
---
WRITE       Elapsed time     :   1m31.011s   1m32.154s
            Files/s          :       16464       17362
            Files total      :     1498463     1600000
            Files latency    : [ min=14us avg=910us max=30.1s ]
            Files lat % us   : [ 1%<=23 50%<=38 75%<=45 99%<=9742 ]
---
STAT        Elapsed time     :      1.306s      1.952s
            Files/s          :      816453      819373
            Files total      :     1066692     1600000
            Files latency    : [ min=1us avg=12us max=39.1ms ]
            Files lat % us   : [ 1%<=2.4 50%<=2.4 75%<=3.4 99%<=19 ]
---
RMFILES     Elapsed time     :    1m5.518s    1m6.027s
            Files/s          :       23136       24232
            Files total      :     1515888     1600000
            Files latency    : [ min=7us avg=655us max=21.8s ]
            Files lat % us   : [ 1%<=11 50%<=19 75%<=23 99%<=256 ]
---
RMDIRS      Elapsed time     :       391ms       746ms
            Dirs/s           :         194         214
            Dirs total       :          76         160
            Dirs latency     : [ min=11.0ms avg=64.9ms max=126ms ]
            Dirs lat % us    : [ 1%<=11585 50%<=77936 75%<=92682 99%<=131072 ]
---
