OPERATION   RESULT TYPE         FIRST DONE   LAST DONE
=========== ================    ==========   =========
WRITE       Elapsed time     :  11m40.723s   12m8.446s
            Objects/s        :         114         112
            Throughput MiB/s :           7           7
            Total MiB        :        5018        5120
            Objects total    :       80296       81920
            Objects latency  : [ min=25.4ms avg=34.9ms max=898ms ]
            Objects lat % us : [ 1%<=32768 50%<=38968 75%<=38968 99%<=55109 ]
            IO latency       : [ min=25.4ms avg=34.9ms max=898ms ]
            IO lat % us      : [ 1%<=32768 50%<=38968 75%<=38968 99%<=55109 ]
---
READ        Elapsed time     :   9m36.948s   10m6.567s
            Objects/s        :         139         135
            Throughput MiB/s :           8           8
            Total MiB        :        5020        5120
            Objects total    :       80323       81920
            Objects latency  : [ min=14.0ms avg=28.9ms max=608ms ]
            Objects lat % us : [ 1%<=19484 50%<=27554 75%<=38968 99%<=65536 ]
            IO latency       : [ min=14.0ms avg=28.9ms max=608ms ]
            IO lat % us      : [ 1%<=19484 50%<=27554 75%<=38968 99%<=65536 ]
---
