OPERATION   RESULT TYPE         FIRST DONE   LAST DONE
=========== ================    ==========   =========
WRITE       Elapsed time     :    4m3.172s   4m11.188s
            Objects/s        :        1326        1304
            Throughput MiB/s :          82          81
            Total MiB        :       20166       20480
            Objects total    :      322651      327680
            Objects latency  : [ min=5.73ms avg=12.1ms max=39.6ms ]
            Objects lat % us : [ 1%<=6889 50%<=13777 75%<=16384 99%<=19484 ]
            IO latency       : [ min=5.73ms avg=12.1ms max=39.6ms ]
            IO lat % us      : [ 1%<=6889 50%<=13777 75%<=16384 99%<=19484 ]
---
READ        Elapsed time     :   2m29.470s   2m37.579s
            Objects/s        :        2132        2079
            Throughput MiB/s :         133         129
            Total MiB        :       19925       20480
            Objects total    :      318813      327680
            Objects latency  : [ min=2.84ms avg=7.50ms max=102ms ]
            Objects lat % us : [ 1%<=4096 50%<=8192 75%<=9742 99%<=19484 ]
            IO latency       : [ min=2.83ms avg=7.50ms max=102ms ]
            IO lat % us      : [ 1%<=4096 50%<=8192 75%<=9742 99%<=19484 ]
---
