OPERATION   RESULT TYPE         FIRST DONE   LAST DONE
=========== ================    ==========   =========
WRITE       Elapsed time     :   8m15.732s   8m24.406s
            Objects/s        :        3192        3172
            Objects total    :     1582720     1600000
            Objects latency  : [ min=3.08ms avg=5.00ms max=1.11s ]
            Objects lat % us : [ 1%<=3444 50%<=4096 75%<=4871 99%<=19484 ]
            IO latency       : [ min=3.08ms avg=5.00ms max=1.11s ]
            IO lat % us      : [ 1%<=3444 50%<=4096 75%<=4871 99%<=19484 ]
---
HEADOBJ     Elapsed time     :   5m43.880s   5m51.193s
            Objects/s        :        4605        4555
            Objects total    :     1583840     1600000
            Objects latency  : [ min=2.67ms avg=3.47ms max=346ms ]
            Objects lat % us : [ 1%<=3444 50%<=3444 75%<=4096 99%<=5793 ]
---
RMOBJECTS   Elapsed time     :    9m7.204s   9m18.311s
            Objects/s        :        2897        2865
            Objects total    :     1585763     1600000
            Objects latency  : [ min=4.43ms avg=5.52ms max=757ms ]
            Objects lat % us : [ 1%<=4871 50%<=5793 75%<=5793 99%<=8192 ]
---
