OPERATION   RESULT TYPE         FIRST DONE   LAST DONE
=========== ================    ==========   =========
WRITE       Elapsed time     :   8m25.726s   8m36.781s
            Objects/s        :        3124        3096
            Objects total    :     1580199     1600000
            Objects latency  : [ min=3.03ms avg=5.10ms max=4.07s ]
            Objects lat % us : [ 1%<=3444 50%<=4096 75%<=4871 99%<=19484 ]
            IO latency       : [ min=3.03ms avg=5.10ms max=4.07s ]
            IO lat % us      : [ 1%<=3444 50%<=4096 75%<=4871 99%<=19484 ]
---
HEADOBJ     Elapsed time     :   5m52.070s    6m1.145s
            Objects/s        :        4495        4430
            Objects total    :     1582768     1600000
            Objects latency  : [ min=2.74ms avg=3.56ms max=661ms ]
            Objects lat % us : [ 1%<=3444 50%<=3444 75%<=4096 99%<=5793 ]
---
RMOBJECTS   Elapsed time     :   9m29.886s   9m43.171s
            Objects/s        :        2783        2743
            Objects total    :     1586381     1600000
            Objects latency  : [ min=4.50ms avg=5.74ms max=1.04s ]
            Objects lat % us : [ 1%<=4871 50%<=5793 75%<=6889 99%<=8192 ]
---
